Nothing to build in platform 'design_1_wrapper'

15:23:57 **** Incremental Build of configuration Debug for project Zynq_Design ****
make all 
make --no-print-directory pre-build
a9-linaro-pre-build-step
' '
make --no-print-directory main-build
'Building file: ../src/helloworld.c'
'Invoking: ARM v7 gcc compiler'
arm-none-eabi-gcc -Wall -O0 -g3 -c -fmessage-length=0 -MT"src/helloworld.o" -mcpu=cortex-a9 -mfpu=vfpv3 -mfloat-abi=hard -IC:/Users/ojewell/CPRE488_MP0/mp0_vitis/design_1_wrapper/export/design_1_wrapper/sw/design_1_wrapper/domain_ps7_cortexa9_0/bspinclude/include -MMD -MP -MF"src/helloworld.d" -MT"src/helloworld.o" -o "src/helloworld.o" "../src/helloworld.c"
../src/helloworld.c: In function 'main':
../src/helloworld.c:71:30: warning: format '%u' expects argument of type 'unsigned int', but argument 2 has type 'u32' {aka 'long unsigned int'} [-Wformat=]
   71 |      printf("Button status: %u\r\n", buttonStatus);
      |                             ~^       ~~~~~~~~~~~~
      |                              |       |
      |                              |       u32 {aka long unsigned int}
      |                              unsigned int
      |                             %lu
'Finished building: ../src/helloworld.c'
' '
'Building target: Zynq_Design.elf'
'Invoking: ARM v7 gcc linker'
arm-none-eabi-gcc -mcpu=cortex-a9 -mfpu=vfpv3 -mfloat-abi=hard -Wl,-build-id=none -specs=Xilinx.spec -Wl,-T -Wl,../src/lscript.ld -LC:/Users/ojewell/CPRE488_MP0/mp0_vitis/design_1_wrapper/export/design_1_wrapper/sw/design_1_wrapper/domain_ps7_cortexa9_0/bsplib/lib -o "Zynq_Design.elf"  ./src/helloworld.o ./src/platform.o   -Wl,--start-group,-lxil,-lgcc,-lc,--end-group
'Finished building target: Zynq_Design.elf'
' '
'Invoking: ARM v7 Print Size'
arm-none-eabi-size Zynq_Design.elf  |tee "Zynq_Design.elf.size"
   text	   data	    bss	    dec	    hex	filename
  40992	   2548	  22640	  66180	  10284	Zynq_Design.elf
'Finished building: Zynq_Design.elf.size'
' '
